// Jest Snapshot v1, https://goo.gl/fbAQLP

exports[`LoginPage should render 1`] = `
<div>
  <div
    class="sc-hLseeU gBExbG"
  >
    <img
      alt="Hero Verse"
      class="sc-eDDNvR gfOpcO"
      src="/heroverse.png"
      width="160"
    />
    <form
      class="sc-jTrPJq gfIiLF"
    >
      <input
        class="sc-dmqHEX fXVpfR"
        name="login"
        placeholder="Login"
        role="textbox"
        type="text"
        value=""
      />
      <input
        class="sc-dmqHEX fXVpfR"
        name="password"
        placeholder="Senha"
        role="textbox"
        type="password"
        value=""
      />
      <button
        class="sc-gLDzan iEQYAJ"
        type="submit"
      >
        <span>
          Entrar
        </span>
      </button>
    </form>
    <div
      style="padding: 50px 0px;"
    >
      <p
        class="sc-iAEyYk jnoSnn"
      >
        Hero Verse - Todos os direitos reservados
      </p>
    </div>
  </div>
</div>
`;
